## 使用 GCLogAnalysis.java 自己演练一遍串行 / 并行 /CMS/G1 的案例

### 串行GC
* 
```
java -XX:++UseSerialGC -Xms128m -Xmx128m -XX:+PrintGCDetails -XX:+PrintGCDateStamps GCLogAnalysis
```
* 日志
```
2020-10-28T23:27:58.015-0800: [GC (Allocation Failure) [DefNew: 34944K->4352K(39296K), 0.0125993 secs] 34944K->12354K(126720K), 0.0126439 secs] [Times: user=0.01 sys=0.01, real=0.01 secs]
2020-10-28T23:27:58.037-0800: [GC (Allocation Failure) [DefNew: 38870K->4341K(39296K), 0.0091002 secs] 46872K->24971K(126720K), 0.0091212 secs] [Times: user=0.00 sys=0.00, real=0.01 secs]
2020-10-28T23:27:58.055-0800: [GC (Allocation Failure) [DefNew: 38948K->4342K(39296K), 0.0079040 secs] 59579K->36952K(126720K), 0.0079213 secs] [Times: user=0.01 sys=0.00, real=0.01 secs]
2020-10-28T23:27:58.070-0800: [GC (Allocation Failure) [DefNew: 38689K->4338K(39296K), 0.0060071 secs] 71300K->46043K(126720K), 0.0060262 secs] [Times: user=0.00 sys=0.00, real=0.00 secs]
2020-10-28T23:27:58.087-0800: [GC (Allocation Failure) [DefNew: 39282K->4351K(39296K), 0.0061688 secs] 80987K->55083K(126720K), 0.0061873 secs] [Times: user=0.01 sys=0.01, real=0.01 secs]
2020-10-28T23:27:58.103-0800: [GC (Allocation Failure) [DefNew: 39295K->4350K(39296K), 0.0073172 secs] 90027K->68576K(126720K), 0.0073323 secs] [Times: user=0.00 sys=0.00, real=0.01 secs]
2020-10-28T23:27:58.119-0800: [GC (Allocation Failure) [DefNew: 39271K->4351K(39296K), 0.0114474 secs] 103497K->81370K(126720K), 0.0115156 secs] [Times: user=0.01 sys=0.01, real=0.02 secs]
2020-10-28T23:27:58.144-0800: [GC (Allocation Failure) [DefNew: 38688K->38688K(39296K), 0.0000192 secs][Tenured: 77018K->86832K(87424K), 0.0277568 secs] 115707K->88615K(126720K), [Metaspace: 2805K->2805K(1056768K)], 0.0278143 secs] [Times: user=0.04 sys=0.00, real=0.03 secs]
2020-10-28T23:27:58.180-0800: [Full GC (Allocation Failure) [Tenured: 87156K->87278K(87424K), 0.0132005 secs] 126403K->101000K(126720K), [Metaspace: 2805K->2805K(1056768K)], 0.0132404 secs] [Times: user=0.02 sys=0.00, real=0.01 secs]
2020-10-28T23:27:58.198-0800: [Full GC (Allocation Failure) [Tenured: 87278K->86703K(87424K), 0.0100574 secs] 126491K->108247K(126720K), [Metaspace: 2805K->2805K(1056768K)], 0.0100820 secs] [Times: user=0.01 sys=0.00, real=0.01 secs]
2020-10-28T23:27:58.211-0800: [Full GC (Allocation Failure) [Tenured: 87320K->87411K(87424K), 0.0164686 secs] 126605K->107983K(126720K), [Metaspace: 2805K->2805K(1056768K)], 0.0164910 secs] [Times: user=0.01 sys=0.00, real=0.01 secs]
2020-10-28T23:27:58.230-0800: [Full GC (Allocation Failure) [Tenured: 87411K->87411K(87424K), 0.0027538 secs] 126682K->112039K(126720K), [Metaspace: 2805K->2805K(1056768K)], 0.0027794 secs] [Times: user=0.00 sys=0.00, real=0.00 secs]
2020-10-28T23:27:58.235-0800: [Full GC (Allocation Failure) [Tenured: 87411K->87411K(87424K), 0.0022733 secs] 126626K->116087K(126720K), [Metaspace: 2805K->2805K(1056768K)], 0.0298857 secs] [Times: user=0.00 sys=0.00, real=0.03 secs]
2020-10-28T23:27:58.266-0800: [Full GC (Allocation Failure) [Tenured: 87411K->87391K(87424K), 0.0062502 secs] 126619K->118205K(126720K), [Metaspace: 2805K->2805K(1056768K)], 0.0062758 secs] [Times: user=0.00 sys=0.00, real=0.01 secs]
2020-10-28T23:27:58.274-0800: [Full GC (Allocation Failure) [Tenured: 87391K->87216K(87424K), 0.0285997 secs] 126577K->117099K(126720K), [Metaspace: 2805K->2805K(1056768K)], 0.0286230 secs] [Times: user=0.03 sys=0.00, real=0.03 secs]
2020-10-28T23:27:58.303-0800: [Full GC (Allocation Failure) [Tenured: 87216K->87216K(87424K), 0.0019475 secs] 126315K->120985K(126720K), [Metaspace: 2805K->2805K(1056768K)], 0.0019663 secs] [Times: user=0.00 sys=0.00, real=0.00 secs]
2020-10-28T23:27:58.306-0800: [Full GC (Allocation Failure) [Tenured: 87333K->87333K(87424K), 0.0014927 secs] 126509K->122686K(126720K), [Metaspace: 2805K->2805K(1056768K)], 0.0015101 secs] [Times: user=0.00 sys=0.00, real=0.00 secs]
2020-10-28T23:27:58.308-0800: [Full GC (Allocation Failure) [Tenured: 87333K->87333K(87424K), 0.0014152 secs] 126598K->123771K(126720K), [Metaspace: 2805K->2805K(1056768K)], 0.0014317 secs] [Times: user=0.00 sys=0.00, real=0.01 secs]
2020-10-28T23:27:58.310-0800: [Full GC (Allocation Failure) [Tenured: 87333K->87337K(87424K), 0.0106470 secs] 126030K->122699K(126720K), [Metaspace: 2805K->2805K(1056768K)], 0.0106691 secs] [Times: user=0.01 sys=0.00, real=0.01 secs]
2020-10-28T23:27:58.321-0800: [Full GC (Allocation Failure) [Tenured: 87337K->87337K(87424K), 0.0017438 secs] 126513K->124375K(126720K), [Metaspace: 2805K->2805K(1056768K)], 0.0385663 secs] [Times: user=0.00 sys=0.00, real=0.04 secs]
2020-10-28T23:27:58.360-0800: [Full GC (Allocation Failure) [Tenured: 87418K->87418K(87424K), 0.0013418 secs] 126653K->125138K(126720K), [Metaspace: 2805K->2805K(1056768K)], 0.0013581 secs] [Times: user=0.00 sys=0.00, real=0.00 secs]
2020-10-28T23:27:58.362-0800: [Full GC (Allocation Failure) [Tenured: 87418K->87418K(87424K), 0.0012997 secs] 126177K->125632K(126720K), [Metaspace: 2805K->2805K(1056768K)], 0.0013154 secs] [Times: user=0.00 sys=0.00, real=0.00 secs]
2020-10-28T23:27:58.363-0800: [Full GC (Allocation Failure) [Tenured: 87418K->87174K(87424K), 0.0284913 secs] 126587K->126005K(126720K), [Metaspace: 2805K->2805K(1056768K)], 0.0285154 secs] [Times: user=0.03 sys=0.01, real=0.03 secs]
2020-10-28T23:27:58.392-0800: [Full GC (Allocation Failure) [Tenured: 87318K->87318K(87424K), 0.0015547 secs] 126589K->126221K(126720K), [Metaspace: 2805K->2805K(1056768K)], 0.0015715 secs] [Times: user=0.00 sys=0.00, real=0.00 secs]
2020-10-28T23:27:58.394-0800: [Full GC (Allocation Failure) [Tenured: 87318K->87318K(87424K), 0.0023327 secs] 126545K->126088K(126720K), [Metaspace: 2805K->2805K(1056768K)], 0.0023513 secs] [Times: user=0.01 sys=0.00, real=0.00 secs]
2020-10-28T23:27:58.396-0800: [Full GC (Allocation Failure) [Tenured: 87318K->87318K(87424K), 0.0016162 secs] 126538K->125635K(126720K), [Metaspace: 2805K->2805K(1056768K)], 0.0016348 secs] [Times: user=0.00 sys=0.00, real=0.00 secs]
2020-10-28T23:27:58.398-0800: [Full GC (Allocation Failure) [Tenured: 87318K->87318K(87424K), 0.0013445 secs] 126186K->126186K(126720K), [Metaspace: 2805K->2805K(1056768K)], 0.0013600 secs] [Times: user=0.00 sys=0.00, real=0.00 secs]
2020-10-28T23:27:58.399-0800: [Full GC (Allocation Failure) [Tenured: 87318K->87299K(87424K), 0.0099166 secs] 126186K->126167K(126720K), [Metaspace: 2805K->2805K(1056768K)], 0.0099361 secs] [Times: user=0.01 sys=0.00, real=0.01 secs]
Exception in thread "main" java.lang.OutOfMemoryError: Java heap space
	at GCLogAnalysis.generateGarbage(GCLogAnalysis.java:48)
	at GCLogAnalysis.main(GCLogAnalysis.java:25)
Heap
 def new generation   total 39296K, used 38880K [0x00000007b8000000, 0x00000007baaa0000, 0x00000007baaa0000)
  eden space 34944K, 100% used [0x00000007b8000000, 0x00000007ba220000, 0x00000007ba220000)
  from space 4352K,  90% used [0x00000007ba660000, 0x00000007baa38390, 0x00000007baaa0000)
  to   space 4352K,   0% used [0x00000007ba220000, 0x00000007ba220000, 0x00000007ba660000)
 tenured generation   total 87424K, used 87299K [0x00000007baaa0000, 0x00000007c0000000, 0x00000007c0000000)
   the space 87424K,  99% used [0x00000007baaa0000, 0x00000007bffe0f80, 0x00000007bffe1000, 0x00000007c0000000)
 Metaspace       used 2836K, capacity 4486K, committed 4864K, reserved 1056768K
  class space    used 310K, capacity 386K, committed 512K, reserved 1048576K
```
* 
    - 堆内存128m时 执行了10次minor GC 20次full GC 每次full时老年代几乎没有对象被回收，最终发生oom
继续增大堆内存
    - 256m minor GC 次数减少 没有发生fullGC
    - 1g 每次minor GC时间 平均50ms
    - 4G 每次minor GC时间 平均150ms
    
很明显 串行GC 不适用大堆内存的情况
### 并行GC
* 参数 
```
java -XX:+UseParallelGC -Xms128m -Xmx128m -XX:+PrintGCDetails -XX:+PrintGCDateStamps GCLogAnalysis
```

生成对象数 明显比串行GC有所提升
1G 时 平均生成对象数 10k
4G 时 生成对象数 7k

### CMS
* 命令
```
java -XX:+UseConcMarkSweepGC -Xms1024m -Xmx1024m  -XX:+PrintGCDetails -XX:+PrintGCDateStamps GCLogAnalysis
```
* 日志
```
2020-10-28T23:57:20.265-0800: [GC (Allocation Failure) [ParNew: 139776K->17472K(157248K), 0.0174307 secs] 139776K->47544K(506816K), 0.0174719 secs] [Times: user=0.02 sys=0.02, real=0.02 secs]
2020-10-28T23:57:20.317-0800: [GC (Allocation Failure) [ParNew: 157248K->17472K(157248K), 0.0220006 secs] 187320K->96456K(506816K), 0.0220272 secs] [Times: user=0.03 sys=0.03, real=0.02 secs]
2020-10-28T23:57:20.363-0800: [GC (Allocation Failure) [ParNew: 157248K->17472K(157248K), 0.0301724 secs] 236232K->140241K(506816K), 0.0301979 secs] [Times: user=0.05 sys=0.02, real=0.03 secs]
2020-10-28T23:57:20.415-0800: [GC (Allocation Failure) [ParNew: 157248K->17472K(157248K), 0.0411842 secs] 280017K->182252K(506816K), 0.0412104 secs] [Times: user=0.07 sys=0.02, real=0.04 secs]
2020-10-28T23:57:20.479-0800: [GC (Allocation Failure) [ParNew: 157248K->17472K(157248K), 0.0273601 secs] 322028K->227090K(506816K), 0.0273856 secs] [Times: user=0.05 sys=0.01, real=0.03 secs]
2020-10-28T23:57:20.507-0800: [GC (CMS Initial Mark) [1 CMS-initial-mark: 209618K(349568K)] 227723K(506816K), 0.0002021 secs] [Times: user=0.00 sys=0.00, real=0.00 secs]
2020-10-28T23:57:20.507-0800: [CMS-concurrent-mark-start]
2020-10-28T23:57:20.513-0800: [CMS-concurrent-mark: 0.006/0.006 secs] [Times: user=0.01 sys=0.00, real=0.01 secs]
2020-10-28T23:57:20.514-0800: [CMS-concurrent-preclean-start]
2020-10-28T23:57:20.515-0800: [CMS-concurrent-preclean: 0.002/0.002 secs] [Times: user=0.00 sys=0.00, real=0.00 secs]
2020-10-28T23:57:20.515-0800: [CMS-concurrent-abortable-preclean-start]
2020-10-28T23:57:20.534-0800: [GC (Allocation Failure) [ParNew: 157248K->17471K(157248K), 0.0353925 secs] 366866K->271677K(506816K), 0.0354162 secs] [Times: user=0.06 sys=0.01, real=0.03 secs]
2020-10-28T23:57:20.594-0800: [GC (Allocation Failure) [ParNew: 157151K->17470K(157248K), 0.0370305 secs] 411357K->315898K(506816K), 0.0370621 secs] [Times: user=0.04 sys=0.02, real=0.04 secs]
2020-10-28T23:57:20.656-0800: [GC (Allocation Failure) [ParNew: 157246K->17471K(157248K), 0.0272050 secs] 455674K->356799K(506816K), 0.0272319 secs] [Times: user=0.04 sys=0.01, real=0.03 secs]
2020-10-28T23:57:20.684-0800: [CMS-concurrent-abortable-preclean: 0.005/0.168 secs] [Times: user=0.21 sys=0.05, real=0.17 secs]
2020-10-28T23:57:20.684-0800: [GC (CMS Final Remark) [YG occupancy: 20319 K (157248 K)][Rescan (parallel) , 0.0112289 secs][weak refs processing, 0.0000166 secs][class unloading, 0.0003608 secs][scrub symbol table, 0.0004471 secs][scrub string table, 0.0001600 secs][1 CMS-remark: 339327K(349568K)] 359647K(506816K), 0.0123069 secs] [Times: user=0.01 sys=0.00, real=0.01 secs]
2020-10-28T23:57:20.696-0800: [CMS-concurrent-sweep-start]
2020-10-28T23:57:20.698-0800: [CMS-concurrent-sweep: 0.001/0.001 secs] [Times: user=0.00 sys=0.00, real=0.00 secs]
2020-10-28T23:57:20.698-0800: [CMS-concurrent-reset-start]
2020-10-28T23:57:20.698-0800: [CMS-concurrent-reset: 0.000/0.000 secs] [Times: user=0.00 sys=0.00, real=0.00 secs]
2020-10-28T23:57:20.738-0800: [GC (Allocation Failure) [ParNew: 157247K->17470K(157248K), 0.0151313 secs] 452830K->356325K(506816K), 0.0151584 secs] [Times: user=0.02 sys=0.00, real=0.02 secs]
2020-10-28T23:57:20.754-0800: [GC (CMS Initial Mark) [1 CMS-initial-mark: 338854K(349568K)] 357122K(506816K), 0.0001699 secs] [Times: user=0.00 sys=0.00, real=0.00 secs]
2020-10-28T23:57:20.754-0800: [CMS-concurrent-mark-start]
2020-10-28T23:57:20.758-0800: [CMS-concurrent-mark: 0.004/0.004 secs] [Times: user=0.01 sys=0.00, real=0.00 secs]
2020-10-28T23:57:20.758-0800: [CMS-concurrent-preclean-start]
2020-10-28T23:57:20.759-0800: [CMS-concurrent-preclean: 0.001/0.001 secs] [Times: user=0.00 sys=0.00, real=0.00 secs]
2020-10-28T23:57:20.759-0800: [CMS-concurrent-abortable-preclean-start]
2020-10-28T23:57:20.759-0800: [CMS-concurrent-abortable-preclean: 0.000/0.000 secs] [Times: user=0.00 sys=0.00, real=0.00 secs]
2020-10-28T23:57:20.759-0800: [GC (CMS Final Remark) [YG occupancy: 47956 K (157248 K)][Rescan (parallel) , 0.0128357 secs][weak refs processing, 0.0000076 secs][class unloading, 0.0003357 secs][scrub symbol table, 0.0004415 secs][scrub string table, 0.0001464 secs][1 CMS-remark: 338854K(349568K)] 386811K(506816K), 0.0138426 secs] [Times: user=0.00 sys=0.00, real=0.02 secs]
2020-10-28T23:57:20.773-0800: [CMS-concurrent-sweep-start]
2020-10-28T23:57:20.774-0800: [CMS-concurrent-sweep: 0.001/0.001 secs] [Times: user=0.03 sys=0.00, real=0.07 secs]
2020-10-28T23:57:20.841-0800: [GC (Allocation Failure) [ParNew: 157246K->17471K(157248K), 0.0240750 secs] 404160K->311465K(506816K), 0.0241049 secs] [Times: user=0.04 sys=0.00, real=0.02 secs]
2020-10-28T23:57:20.865-0800: [CMS-concurrent-reset-start]
2020-10-28T23:57:20.866-0800: [CMS-concurrent-reset: 0.000/0.000 secs] [Times: user=0.00 sys=0.00, real=0.00 secs]
2020-10-28T23:57:20.893-0800: [GC (Allocation Failure) [ParNew: 157234K->17472K(157248K), 0.0101107 secs] 451228K->354918K(506816K), 0.0101356 secs] [Times: user=0.02 sys=0.00, real=0.01 secs]
2020-10-28T23:57:20.903-0800: [GC (CMS Initial Mark) [1 CMS-initial-mark: 337446K(349568K)] 355311K(506816K), 0.0001407 secs] [Times: user=0.00 sys=0.00, real=0.00 secs]
2020-10-28T23:57:20.903-0800: [CMS-concurrent-mark-start]
2020-10-28T23:57:20.907-0800: [CMS-concurrent-mark: 0.004/0.004 secs] [Times: user=0.01 sys=0.00, real=0.00 secs]
2020-10-28T23:57:20.907-0800: [CMS-concurrent-preclean-start]
2020-10-28T23:57:20.908-0800: [CMS-concurrent-preclean: 0.001/0.001 secs] [Times: user=0.00 sys=0.00, real=0.00 secs]
2020-10-28T23:57:20.908-0800: [CMS-concurrent-abortable-preclean-start]
2020-10-28T23:57:20.908-0800: [CMS-concurrent-abortable-preclean: 0.000/0.000 secs] [Times: user=0.00 sys=0.00, real=0.00 secs]
2020-10-28T23:57:20.974-0800: [GC (Allocation Failure) [ParNew: 157248K->157248K(157248K), 0.0001085 secs][CMS (concurrent mode failure): 337446K->297347K(349568K), 0.0685758 secs] 494694K->297347K(506816K), [Metaspace: 2800K->2800K(1056768K)], 0.0687458 secs] [Times: user=0.06 sys=0.00, real=0.07 secs]
2020-10-28T23:57:21.069-0800: [GC (Allocation Failure) [ParNew: 139776K->17467K(157248K), 0.0085183 secs] 437123K->338200K(506816K), 0.0085429 secs] [Times: user=0.01 sys=0.00, real=0.01 secs]
2020-10-28T23:57:21.078-0800: [GC (CMS Initial Mark) [1 CMS-initial-mark: 320733K(349568K)] 338696K(506816K), 0.0001414 secs] [Times: user=0.00 sys=0.00, real=0.00 secs]
2020-10-28T23:57:21.078-0800: [CMS-concurrent-mark-start]
2020-10-28T23:57:21.082-0800: [CMS-concurrent-mark: 0.004/0.004 secs] [Times: user=0.01 sys=0.00, real=0.01 secs]
2020-10-28T23:57:21.082-0800: [CMS-concurrent-preclean-start]
2020-10-28T23:57:21.083-0800: [CMS-concurrent-preclean: 0.001/0.001 secs] [Times: user=0.00 sys=0.00, real=0.00 secs]
2020-10-28T23:57:21.083-0800: [CMS-concurrent-abortable-preclean-start]
2020-10-28T23:57:21.106-0800: [GC (Allocation Failure) [ParNew (promotion failed): 157243K->157247K(157248K), 0.0204522 secs][CMS2020-10-28T23:57:21.128-0800: [CMS-concurrent-abortable-preclean: 0.001/0.045 secs] [Times: user=0.04 sys=0.00, real=0.04 secs]
 (concurrent mode failure): 349401K->307870K(349568K), 0.0493354 secs] 477976K->307870K(506816K), [Metaspace: 2800K->2800K(1056768K)], 0.0698590 secs] [Times: user=0.07 sys=0.00, real=0.07 secs]
执行结束!共生成对象次数:7415
Heap
 par new generation   total 157248K, used 6046K [0x00000007a0000000, 0x00000007aaaa0000, 0x00000007aaaa0000)
  eden space 139776K,   4% used [0x00000007a0000000, 0x00000007a05e7a08, 0x00000007a8880000)
  from space 17472K,   0% used [0x00000007a9990000, 0x00000007a9990000, 0x00000007aaaa0000)
  to   space 17472K,   0% used [0x00000007a8880000, 0x00000007a8880000, 0x00000007a9990000)
 concurrent mark-sweep generation total 349568K, used 307870K [0x00000007aaaa0000, 0x00000007c0000000, 0x00000007c0000000)
 Metaspace       used 2807K, capacity 4486K, committed 4864K, reserved 1056768K
  class space    used 307K, capacity 386K, committed 512K, reserved 1048576K
```
* 从日志中可以看出 CMS GC的步骤
    * CMS Initial Mark - 初始标记
    * CMS-concurrent-mark - 并发标记
    * CMS-concurrent-preclean 并发预处理
    * CMS Final Remark - 最终标记
    * CMS-concurrent-sweep - 并发清除
    * CMS-concurrent-reset 并发重置
    
### G1
* 命令
```
java -XX:+UseG1GC -Xms512m -Xmx512m  -XX:+PrintGC -XX:+PrintGCDateStamps GCLogAnalysis
```
* pause (G1 Evacuation Pause) (young) 年轻代转移暂停
* initial-mark 初始标记
* concurrent-root-region-scan-start/end Root区扫描
* concurrent-mark-start/end 并发标记
* remark 再次标记
* cleanup 清理


## 使用压测工具（wrk 或 sb），演练 gateway-server-0.0.1-SNAPSHOT.jar 示例
压测命令 
ab -t60 -c 20 http://localhost:8088/api/hello
### 串行GC
* java -jar -Xms1g -Xmx1g -XX:+UseSerialGC gateway-server-0.0.1-SNAPSHOT.jar
```
Server Software:
Server Hostname:        localhost
Server Port:            8088

Document Path:          /api/hello
Document Length:        11 bytes

Concurrency Level:      20
Time taken for tests:   61.935 seconds
Complete requests:      16398
Failed requests:        0
Total transferred:      2361312 bytes
HTML transferred:       180378 bytes
Requests per second:    264.76 [#/sec] (mean)
Time per request:       75.540 [ms] (mean)
Time per request:       3.777 [ms] (mean, across all concurrent requests)
Transfer rate:          37.23 [Kbytes/sec] received

Connection Times (ms)
              min  mean[+/-sd] median   max
Connect:        0   20  30.4     14     835
Processing:     0   28  33.7     23     854
Waiting:        0   17  25.1     12     835
Total:          2   48  47.2     47     887

Percentage of the requests served within a certain time (ms)
  50%     47
  66%     61
  75%     68
  80%     72
  90%     85
  95%     93
  98%    104
  99%    117
 100%    887 (longest request)
```

### 串行

```
Server Software:
Server Hostname:        localhost
Server Port:            8088

Document Path:          /api/hello
Document Length:        11 bytes

Concurrency Level:      20
Time taken for tests:   60.009 seconds
Complete requests:      19639
Failed requests:        0
Total transferred:      2829168 bytes
HTML transferred:       216117 bytes
Requests per second:    327.27 [#/sec] (mean)
Time per request:       61.113 [ms] (mean)
Time per request:       3.056 [ms] (mean, across all concurrent requests)
Transfer rate:          46.04 [Kbytes/sec] received

Connection Times (ms)
              min  mean[+/-sd] median   max
Connect:        0   32 462.3     11   16294
Processing:     0   28 233.4     16   16332
Waiting:        0   19 232.0      9   16295
Total:          2   59 520.4     29   16347

Percentage of the requests served within a certain time (ms)
  50%     29
  66%     53
  75%     64
  80%     71
  90%     83
  95%     93
  98%    104
  99%    143
 100%  16347 (longest request)
```

### CMS
```
Server Software:
Server Hostname:        localhost
Server Port:            8088

Document Path:          /api/hello
Document Length:        11 bytes

Concurrency Level:      20
Time taken for tests:   64.078 seconds
Complete requests:      16397
Failed requests:        0
Total transferred:      2361168 bytes
HTML transferred:       180367 bytes
Requests per second:    255.89 [#/sec] (mean)
Time per request:       78.159 [ms] (mean)
Time per request:       3.908 [ms] (mean, across all concurrent requests)
Transfer rate:          35.98 [Kbytes/sec] received

Connection Times (ms)
              min  mean[+/-sd] median   max
Connect:        0   22  27.9     17     545
Processing:     0   30  28.8     24     549
Waiting:        0   18  22.7     12     547
Total:          3   52  41.0     47     567

Percentage of the requests served within a certain time (ms)
  50%     47
  66%     62
  75%     71
  80%     76
  90%     89
  95%     97
  98%    108
  99%    119
 100%    567 (longest request)
```

### G1
```
Server Software:
Server Hostname:        localhost
Server Port:            8088

Document Path:          /api/hello
Document Length:        11 bytes

Concurrency Level:      20
Time taken for tests:   60.003 seconds
Complete requests:      18987
Failed requests:        0
Total transferred:      2734992 bytes
HTML transferred:       208923 bytes
Requests per second:    316.44 [#/sec] (mean)
Time per request:       63.204 [ms] (mean)
Time per request:       3.160 [ms] (mean, across all concurrent requests)
Transfer rate:          44.51 [Kbytes/sec] received

Connection Times (ms)
              min  mean[+/-sd] median   max
Connect:        0   26 302.0     13   13843
Processing:     1   35 334.0     19   13850
Waiting:        0   22 266.7     11   13847
Total:          2   61 450.5     36   13897

Percentage of the requests served within a certain time (ms)
  50%     36
  66%     58
  75%     67
  80%     72
  90%     85
  95%     96
  98%    111
  99%    202
 100%  13897 (longest request)
```


## 各gc的不同
* 串行GC 适用于 单CPU client模式下
* 并行GC 适用于追求吞吐量的场景
* CMS 响应速度优先、低延迟
* G1 响应速度优先、低延迟 停顿时间可控